// Jest Snapshot v1, https://goo.gl/fbAQLP

exports[`Button prop label renders button with passed props 1`] = `
<button
  onClick={[Function]}
>
  test label
   
  0
</button>
`;
