// Jest Snapshot v1, https://goo.gl/fbAQLP

exports[`Should render Header with name tester 1`] = `
<h1>
  Hello, 
  tester
</h1>
`;
